// Jest Snapshot v1, https://goo.gl/fbAQLP

exports[`sets the appropriate styles for isPastStep 1`] = `
.c0 {
  -webkit-align-items: center;
  -webkit-box-align: center;
  -ms-flex-align: center;
  align-items: center;
  background: none;
  border: none;
  counter-increment: progress-tracker-counter;
  display: -webkit-box;
  display: -webkit-flex;
  display: -ms-flexbox;
  display: flex;
  -webkit-flex-flow: column nowrap;
  -ms-flex-flow: column nowrap;
  flex-flow: column nowrap;
  font-family: 'Source Sans Pro',sans-serif;
  margin-top: 12.5px;
  padding: 0;
  text-align: center;
}

.c0:active,
.c0:hover,
.c0:focus {
  outline: none;
}

.c0 span {
  color: #444;
  display: none;
  font-size: 18px;
  line-height: 1.1em;
}

.c0::before {
  background-color: white;
  border: 1px solid #c5c5c5;
  border-radius: 20px;
  box-shadow: 0 0 0 3px white;
  box-sizing: border-box;
  color: #444;
  content: counter(progress-tracker-counter);
  display: block;
  font-size: 16px;
  height: 20px;
  line-height: 1em;
  margin-bottom: 5px;
  text-align: center;
  width: 20px;
  position: relative;
}

.c1 {
  cursor: pointer;
}

.c1:hover::before {
  box-shadow: rgba(0,0,0,0.35) 0 0 3px 1px;
}

.c1:active span,
.c1:hover span,
.c1:focus span {
  -webkit-text-decoration: underline;
  text-decoration: underline;
}

.c1:focus::before {
  box-shadow: #83bffc 0 0 4px 2px;
}

.c1:focus span {
  outline: 1px dotted #83bffc;
}

.c1::before {
  border-color: #444;
}

@media (min-width:768px) {
  .c0 {
    font-size: 18px;
    margin-top: 0;
    margin: 0 auto;
  }
}

@media (min-width:768px) {
  .c0 span {
    display: inline;
    font-weight: normal;
  }
}

@media (min-width:768px) {
  .c0::before {
    border-radius: 41px;
    border-width: 3px;
    font-size: 20.008px;
    font-weight: normal;
    height: 41px;
    line-height: 1.7em;
    width: 41px;
  }
}

@media (min-width:768px) {
  .c1::before {
    border-width: 5px;
    font-weight: bold;
    line-height: 1.5em;
  }
}

@media (min-width:768px) {
  .c1 span {
    font-weight: bold;
  }
}

@media (min-width:768px) {

}

<button
  aria-labelledby="123-span"
  class="c0 c1"
  id="123"
>
  <span
    id="123-span"
  />
</button>
`;
