// Jest Snapshot v1, https://goo.gl/fbAQLP

exports[`renders different modal sections 1`] = `
.c0 {
  color: inherit;
  font-family: 'Source Sans Pro','Segoe UI',Segoe,Calibri,Tahoma,sans-serif;
  font-size: 25.92px;
  font-weight: 300;
  line-height: 1.1;
  margin-bottom: 0.45em;
  margin-top: 0;
}

.c0 small {
  font-size: 75%;
  line-height: 1;
}

.c1 {
  margin: 0;
}

@media (min-width:768px) {
  .c0 {
    font-size: 25.92px;
  }
}

@media (min-width:480px) {

}

@media (min-width:768px) {

}

@media (min-width:900px) {

}

@media (min-width:480px) {

}

@media (min-width:768px) {

}

@media (min-width:900px) {

}

@media (min-width:768px) {

}

<h4
  class="c0 c1"
  id="abcdef"
>
  Header
</h4>
`;

exports[`renders different modal sections 2`] = `
.c1 {
  color: #444;
  padding: 15px;
}

@media (min-width:768px) {

}

@media (min-width:480px) {

}

@media (min-width:768px) {

}

@media (min-width:900px) {

}

@media (min-width:480px) {
  .small .c0 {
    margin-top: unset;
  }
}

@media (min-width:768px) {
  .medium .c0 {
    margin-top: unset;
  }
}

@media (min-width:900px) {
  .large .c0 {
    margin-top: unset;
  }
}

@media (min-width:768px) {

}

<div
  class="c0 c1"
>
  Body
</div>
`;

exports[`renders different modal sections 3`] = `
.c0 {
  -webkit-align-items: baseline;
  -webkit-box-align: baseline;
  -ms-flex-align: baseline;
  align-items: baseline;
  display: -webkit-box;
  display: -webkit-flex;
  display: -ms-flexbox;
  display: flex;
  padding: 15px 15px 55px;
  text-align: right;
}

.c0 button {
  width: auto;
}

@media (min-width:768px) {

}

@media (min-width:480px) {

}

@media (min-width:768px) {

}

@media (min-width:900px) {

}

@media (min-width:480px) {

}

@media (min-width:768px) {

}

@media (min-width:900px) {

}

@media (min-width:768px) {
  .c0 {
    padding: 15px 15px 19px;
  }
}

<div
  class="c0"
>
  Footer
</div>
`;
