// Jest Snapshot v1, https://goo.gl/fbAQLP

exports[`renders as expected 1`] = `
.c0 {
  background-color: #fff;
}

.c0 ul {
  display: -webkit-box;
  display: -webkit-flex;
  display: -ms-flexbox;
  display: flex;
  list-style: none;
  margin: 0;
  padding: 0;
}

.c1 {
  background-color: #fff;
  color: #000;
  cursor: pointer;
  line-height: 1.428;
  min-width: 75px;
  padding: 0;
  background-color: #0073b6;
  color: #fff;
}

.c1:hover {
  background-color: #ededed;
  color: #0073b6;
}

.c1:hover > i {
  color: #0073b6;
}

.c1:hover {
  background-color: #0073b6;
  color: #fff;
}

.c1:hover > i {
  color: #fff;
}

.c3 {
  background-color: #fff;
  color: #000;
  cursor: pointer;
  line-height: 1.428;
  min-width: 75px;
  padding: 0;
}

.c3:hover {
  background-color: #ededed;
  color: #0073b6;
}

.c3:hover > i {
  color: #0073b6;
}

.c4 {
  background-color: #fff;
  color: #000;
  cursor: pointer;
  line-height: 1.428;
  min-width: 75px;
  padding: 0;
  background-color: #f4f4f4;
  color: #919191;
  cursor: not-allowed;
}

.c4:hover {
  background-color: #ededed;
  color: #0073b6;
}

.c4:hover > i {
  color: #0073b6;
}

.c4 > span {
  pointer-events: none;
}

.c4 > i {
  color: #f4f4f4;
}

.c4:hover {
  background-color: #f4f4f4;
  color: #919191;
}

.c4:hover > i {
  color: #f4f4f4;
}

.c2 {
  -webkit-align-content: center;
  -ms-flex-line-pack: center;
  align-content: center;
  background-color: transparent;
  box-sizing: border-box;
  border: 0;
  color: inherit;
  cursor: inherit;
  display: -webkit-box;
  display: -webkit-flex;
  display: -ms-flexbox;
  display: flex;
  font-size: inherit;
  height: 100%;
  padding: 10px;
  position: relative;
  -webkit-text-decoration: none;
  text-decoration: none;
  width: 100%;
}

<div>
  <nav
    class="c0 es-sidenav"
  >
    <ul>
      <li
        class="c1 es-sidenav__navitem"
      >
        <button
          class="c2"
          style="justify-content: center;"
          type="button"
        >
          <span>
            Home
          </span>
        </button>
      </li>
      <li
        class="c3 es-sidenav__navitem"
      >
        <button
          class="c2"
          style="justify-content: center;"
          type="button"
        >
          <span>
            Cart
          </span>
        </button>
      </li>
      <li
        class="c3 es-sidenav__navitem"
      >
        <a
          class="c2"
          href="https://google.com"
          style="justify-content: center;"
        >
          <span>
            External Link
          </span>
        </a>
      </li>
      <li
        class="c4 es-sidenav__navitem"
      >
        <button
          class="c2"
          style="justify-content: center;"
          type="button"
        >
          <span>
            Disabled
          </span>
        </button>
      </li>
    </ul>
  </nav>
</div>
`;
