// Jest Snapshot v1, https://goo.gl/fbAQLP

exports[`renders as expected 1`] = `
.c0 {
  background-color: #fff;
}

.c0 ul {
  display: flex;
  list-style: none;
  margin: 0;
  padding: 0;
}

.c1 {
  background-color: #fff;
  color: #000;
  cursor: pointer;
  line-height: 1.428;
  min-width: 75px;
  padding: 0;
  background-color: #0073b6;
  color: #fff;
}

.c1:hover {
  background-color: #ededed;
  color: #0073b6;
}

.c1:hover >i {
  color: #0073b6;
}

.c1:hover {
  background-color: #0073b6;
  color: #fff;
}

.c1:hover >i {
  color: #fff;
}

.c3 {
  background-color: #fff;
  color: #000;
  cursor: pointer;
  line-height: 1.428;
  min-width: 75px;
  padding: 0;
}

.c3:hover {
  background-color: #ededed;
  color: #0073b6;
}

.c3:hover >i {
  color: #0073b6;
}

.c4 {
  background-color: #fff;
  color: #000;
  cursor: pointer;
  line-height: 1.428;
  min-width: 75px;
  padding: 0;
  background-color: #f4f4f4;
  color: #919191;
  cursor: not-allowed;
}

.c4:hover {
  background-color: #ededed;
  color: #0073b6;
}

.c4:hover >i {
  color: #0073b6;
}

.c4 >span {
  pointer-events: none;
}

.c4 >i {
  color: #f4f4f4;
}

.c4:hover {
  background-color: #f4f4f4;
  color: #919191;
}

.c4:hover >i {
  color: #f4f4f4;
}

.c2 {
  position: relative;
  display: flex;
  width: 100%;
  height: 100%;
  box-sizing: border-box;
  align-content: center;
  padding: 10px;
  border: 0;
  background-color: transparent;
  color: inherit;
  cursor: inherit;
  font-size: inherit;
  text-decoration: none;
}

.c2:hover,
.c2:focus,
.c2:active,
.c2:visited {
  color: inherit;
}

<div>
  <nav
    class="c0 es-sidenav "
    role="tablist"
  >
    <ul>
      <li
        aria-selected="true"
        class="c1 es-sidenav__navitem home"
        role="tab"
      >
        <button
          class="c2"
          style="justify-content: center;"
          type="button"
        >
          <span>
            Home
          </span>
        </button>
      </li>
      <li
        aria-selected="false"
        class="c3 es-sidenav__navitem "
        role="tab"
      >
        <button
          class="c2"
          style="justify-content: center;"
          type="button"
        >
          <span>
            Cart
          </span>
        </button>
      </li>
      <li
        aria-selected="false"
        class="c3 es-sidenav__navitem "
        role="tab"
      >
        <a
          class="c2"
          href="https://google.com"
          style="justify-content: center;"
        >
          <span>
            External Link
          </span>
        </a>
      </li>
      <li
        aria-selected="false"
        class="c4 es-sidenav__navitem "
        role="tab"
      >
        <button
          class="c2"
          style="justify-content: center;"
          type="button"
        >
          <span>
            Disabled
          </span>
        </button>
      </li>
    </ul>
  </nav>
</div>
`;
